******************************************************************************
                  MSP430 Linker PC v18.12.3                    
******************************************************************************
>> Linked Sat May 23 14:15:22 2020

OUTPUT FILE NAME:   <Exercise_1.out>
ENTRY POINT SYMBOL: "_c_int00_noargs"  address: 0000c7c8


MEMORY CONFIGURATION

         name            origin    length      used     unused   attr    fill
----------------------  --------  ---------  --------  --------  ----  --------
  SFR                   00000000   00000010  00000000  00000010  RWIX
  PERIPHERALS_8BIT      00000010   000000f0  00000000  000000f0  RWIX
  PERIPHERALS_16BIT     00000100   00000100  00000000  00000100  RWIX
  RAM                   00000200   00000200  00000076  0000018a  RWIX
  INFOD                 00001000   00000040  00000000  00000040  RWIX
  INFOC                 00001040   00000040  00000000  00000040  RWIX
  INFOB                 00001080   00000040  00000000  00000040  RWIX
  INFOA                 000010c0   00000040  00000000  00000040  RWIX
  FLASH                 0000c000   00003fde  00000a90  0000354e  RWIX
  BSLSIGNATURE          0000ffde   00000002  00000002  00000000  RWIX  ffff 
  INT00                 0000ffe0   00000002  00000002  00000000  RWIX
  INT01                 0000ffe2   00000002  00000000  00000002  RWIX
  INT02                 0000ffe4   00000002  00000002  00000000  RWIX
  INT03                 0000ffe6   00000002  00000002  00000000  RWIX
  INT04                 0000ffe8   00000002  00000000  00000002  RWIX
  INT05                 0000ffea   00000002  00000002  00000000  RWIX
  INT06                 0000ffec   00000002  00000002  00000000  RWIX
  INT07                 0000ffee   00000002  00000002  00000000  RWIX
  INT08                 0000fff0   00000002  00000002  00000000  RWIX
  INT09                 0000fff2   00000002  00000002  00000000  RWIX
  INT10                 0000fff4   00000002  00000002  00000000  RWIX
  INT11                 0000fff6   00000002  00000002  00000000  RWIX
  INT12                 0000fff8   00000002  00000002  00000000  RWIX
  INT13                 0000fffa   00000002  00000002  00000000  RWIX
  INT14                 0000fffc   00000002  00000002  00000000  RWIX
  RESET                 0000fffe   00000002  00000002  00000000  RWIX


SECTION ALLOCATION MAP

 output                                  attributes/
section   page    origin      length       input sections
--------  ----  ----------  ----------   ----------------
.data      0    00000200    00000024     UNINITIALIZED
                  00000200    00000023     templateEMP.obj (.data:ringBuffer)
                  00000223    00000001     templateEMP.obj (.data)

.bss       0    00000224    00000002     UNINITIALIZED
                  00000224    00000001     (.common:_LCDContr)
                  00000225    00000001     (.common:_LCDFunc)

.stack     0    000003b0    00000050     UNINITIALIZED
                  000003b0    00000002     rts430_eabi.lib : boot.c.obj (.stack)
                  000003b2    0000004e     --HOLE--

.text      0    0000c000    00000a06     
                  0000c000    0000012a     main.obj (.text:main)
                  0000c12a    00000116     rts430_eabi.lib : _printfi_min.c.obj (.text:_setfield)
                  0000c240    000000ec                     : _printfi_min.c.obj (.text:__TI_printfi_minimal)
                  0000c32c    000000ca                     : _printfi_min.c.obj (.text:_pproc_diouxp)
                  0000c3f6    0000009c     LCD.obj (.text:lcd_init)
                  0000c492    0000007c     rts430_eabi.lib : copy_decompress_lzss.c.obj (.text:decompress:lzss:__TI_decompress_lzss)
                  0000c50e    0000005e     templateEMP.obj (.text:initMSP)
                  0000c56c    0000004c     rts430_eabi.lib : lsr16.asm.obj (.text)
                  0000c5b8    00000046     LCD.obj (.text:lcd_putNumber)
                  0000c5fe    00000042     templateEMP.obj (.text:USCI0RX_ISR)
                  0000c640    00000042     rts430_eabi.lib : autoinit.c.obj (.text:__TI_auto_init_nobinit_nopinit:__TI_auto_init_nobinit_nopinit)
                  0000c682    0000003a     LCD.obj (.text:lcd_putText)
                  0000c6bc    00000038     rts430_eabi.lib : sprintf.c.obj (.text:sprintf)
                  0000c6f4    0000002c                     : asr16.asm.obj (.text)
                  0000c720    0000002c                     : lsl16.asm.obj (.text)
                  0000c74c    0000002a     templateEMP.obj (.text:serialPrint)
                  0000c776    0000002a     LCD.obj (.text:set_custom_pattern)
                  0000c7a0    00000028     rts430_eabi.lib : strncat.c.obj (.text:strncat)
                  0000c7c8    0000001c                     : boot.c.obj (.text:_c_int00_noargs)
                  0000c7e4    0000001c     LCD.obj (.text:set_entry_mode)
                  0000c800    0000001c     LCD.obj (.text:set_function)
                  0000c81c    0000001a     rts430_eabi.lib : sprintf.c.obj (.text:_outs)
                  0000c836    0000001a     LCD.obj (.text:lcd_clear)
                  0000c850    0000001a     LCD.obj (.text:lcd_cursorSet)
                  0000c86a    0000001a     rts430_eabi.lib : memccpy.c.obj (.text:memccpy)
                  0000c884    0000001a     LCD.obj (.text:write_data)
                  0000c89e    00000018     LCD.obj (.text:lcd_cursorBlink)
                  0000c8b6    00000018     LCD.obj (.text:lcd_cursorShow)
                  0000c8ce    00000018     LCD.obj (.text:lcd_enable)
                  0000c8e6    00000016     rts430_eabi.lib : div16u.asm.obj (.text)
                  0000c8fc    00000016     templateEMP.obj (.text:serialPrintln)
                  0000c912    00000014     rts430_eabi.lib : copy_zero_init.c.obj (.text:decompress:ZI:__TI_zero_init_nomemset:__TI_zero_init_nomemset)
                  0000c926    00000014     LCD.obj (.text:length)
                  0000c93a    00000014     rts430_eabi.lib : memset.c.obj (.text:memset)
                  0000c94e    00000014                     : mult16.asm.obj (.text)
                  0000c962    00000012                     : sprintf.c.obj (.text:_outc)
                  0000c974    00000012                     : copy_decompress_none.c.obj (.text:decompress:none:__TI_decompress_none)
                  0000c986    00000012                     : memcpy.c.obj (.text:memcpy)
                  0000c998    00000012     LCD.obj (.text:send_Enable)
                  0000c9aa    00000012     templateEMP.obj (.text:serialWrite)
                  0000c9bc    00000010     rts430_eabi.lib : epilog.asm.obj (.text)
                  0000c9cc    0000000e     LCD.obj (.text:set_display)
                  0000c9da    0000000e     rts430_eabi.lib : strlen.c.obj (.text:strlen)
                  0000c9e8    0000000a     LCD.obj (.text:lcd_putChar)
                  0000c9f2    00000008     rts430_eabi.lib : isr_trap.asm.obj (.text:_isr:__TI_ISR_TRAP)
                  0000c9fa    00000006                     : exit.c.obj (.text:abort)
                  0000ca00    00000004                     : pre_init.c.obj (.text:_system_pre_init)
                  0000ca04    00000002                     : startup.c.obj (.text:_system_post_cinit)

.const     0    0000ca06    00000070     
                  0000ca06    0000003c     main.obj (.const:.string)
                  0000ca42    00000014     rts430_eabi.lib : _printfi_min.c.obj (.const:.string)
                  0000ca56    00000012     templateEMP.obj (.const:.string)
                  0000ca68    00000008     main.obj (.const:.string:$P$T0$1)
                  0000ca70    00000006     LCD.obj (.const:.string)

.cinit     0    0000ca76    0000001a     
                  0000ca76    00000008     (.cinit..data.load) [load image, compression = lzss]
                  0000ca7e    00000006     (__TI_handler_table)
                  0000ca84    00000004     (.cinit..bss.load) [load image, compression = zero_init]
                  0000ca88    00000008     (__TI_cinit_table)

.binit     0    0000c000    00000000     

.init_array 
*          0    0000c000    00000000     UNINITIALIZED

TRAPINT    0    0000ffe0    00000002     
                  0000ffe0    00000002     rts430_eabi.lib : int00.asm.obj (.int00)

PORT1      0    0000ffe4    00000002     
                  0000ffe4    00000002     rts430_eabi.lib : int02.asm.obj (.int02)

PORT2      0    0000ffe6    00000002     
                  0000ffe6    00000002     rts430_eabi.lib : int03.asm.obj (.int03)

ADC10      0    0000ffea    00000002     
                  0000ffea    00000002     rts430_eabi.lib : int05.asm.obj (.int05)

USCIAB0TX 
*          0    0000ffec    00000002     
                  0000ffec    00000002     rts430_eabi.lib : int06.asm.obj (.int06)

USCIAB0RX 
*          0    0000ffee    00000002     
                  0000ffee    00000002     templateEMP.obj (.int07)

TIMER0_A1 
*          0    0000fff0    00000002     
                  0000fff0    00000002     rts430_eabi.lib : int08.asm.obj (.int08)

TIMER0_A0 
*          0    0000fff2    00000002     
                  0000fff2    00000002     rts430_eabi.lib : int09.asm.obj (.int09)

WDT        0    0000fff4    00000002     
                  0000fff4    00000002     rts430_eabi.lib : int10.asm.obj (.int10)

COMPARATORA 
*          0    0000fff6    00000002     
                  0000fff6    00000002     rts430_eabi.lib : int11.asm.obj (.int11)

TIMER1_A1 
*          0    0000fff8    00000002     
                  0000fff8    00000002     rts430_eabi.lib : int12.asm.obj (.int12)

TIMER1_A0 
*          0    0000fffa    00000002     
                  0000fffa    00000002     rts430_eabi.lib : int13.asm.obj (.int13)

NMI        0    0000fffc    00000002     
                  0000fffc    00000002     rts430_eabi.lib : int14.asm.obj (.int14)

.reset     0    0000fffe    00000002     
                  0000fffe    00000002     rts430_eabi.lib : boot.c.obj (.reset)

$fill000   0    0000ffde    00000002     
                  0000ffde    00000002     --HOLE-- [fill = ffff]

MODULE SUMMARY

       Module                       code   ro data   rw data
       ------                       ----   -------   -------
    .\
       main.obj                     298    68        2      
    +--+----------------------------+------+---------+---------+
       Total:                       298    68        2      
                                                            
    .\libs\
       LCD.obj                      594    6         0      
       templateEMP.obj              242    20        36     
    +--+----------------------------+------+---------+---------+
       Total:                       836    26        36     
                                                            
    C:\ti\ccs920\ccs\tools\compiler\ti-cgt-msp430_18.12.3.LTS\lib\rts430_eabi.lib
       _printfi_min.c.obj           716    20        0      
       copy_decompress_lzss.c.obj   124    0         0      
       sprintf.c.obj                100    0         0      
       lsr16.asm.obj                76     0         0      
       autoinit.c.obj               66     0         0      
       asr16.asm.obj                44     0         0      
       lsl16.asm.obj                44     0         0      
       strncat.c.obj                40     0         0      
       boot.c.obj                   28     2         0      
       memccpy.c.obj                26     0         0      
       div16u.asm.obj               22     0         0      
       copy_zero_init.c.obj         20     0         0      
       memset.c.obj                 20     0         0      
       mult16.asm.obj               20     0         0      
       copy_decompress_none.c.obj   18     0         0      
       memcpy.c.obj                 18     0         0      
       epilog.asm.obj               16     0         0      
       strlen.c.obj                 14     0         0      
       isr_trap.asm.obj             8      0         0      
       exit.c.obj                   6      0         0      
       pre_init.c.obj               4      0         0      
       int00.asm.obj                0      2         0      
       int02.asm.obj                0      2         0      
       int03.asm.obj                0      2         0      
       int05.asm.obj                0      2         0      
       int06.asm.obj                0      2         0      
       int08.asm.obj                0      2         0      
       int09.asm.obj                0      2         0      
       int10.asm.obj                0      2         0      
       int11.asm.obj                0      2         0      
       int12.asm.obj                0      2         0      
       int13.asm.obj                0      2         0      
       int14.asm.obj                0      2         0      
       startup.c.obj                2      0         0      
    +--+----------------------------+------+---------+---------+
       Total:                       1432   46        0      
                                                            
       Stack:                       0      0         80     
       Linker Generated:            0      26        0      
    +--+----------------------------+------+---------+---------+
       Grand Total:                 2566   166       118    


LINKER GENERATED COPY TABLES

__TI_cinit_table @ 0000ca88 records: 2, size/record: 4, table size: 8
	.data: load addr=0000ca76, load size=00000008 bytes, run addr=00000200, run size=00000024 bytes, compression=lzss
	.bss: load addr=0000ca84, load size=00000004 bytes, run addr=00000224, run size=00000002 bytes, compression=zero_init


LINKER GENERATED HANDLER TABLE

__TI_handler_table @ 0000ca7e records: 3, size/record: 2, table size: 6
	index: 0, handler: __TI_zero_init
	index: 1, handler: __TI_decompress_lzss
	index: 2, handler: __TI_decompress_none


GLOBAL SYMBOLS: SORTED ALPHABETICALLY BY Name 

address   name                          
-------   ----                          
0000004a  ADC10AE0                      
000001b0  ADC10CTL0                     
000001b2  ADC10CTL1                     
00000048  ADC10DTC0                     
00000049  ADC10DTC1                     
000001b4  ADC10MEM                      
000001bc  ADC10SA                       
00000057  BCSCTL1                       
00000058  BCSCTL2                       
00000053  BCSCTL3                       
0000c9fa  C$$EXIT                       
00000059  CACTL1                        
0000005a  CACTL2                        
000010fb  CALBC1_12MHZ                  
000010f9  CALBC1_16MHZ                  
000010ff  CALBC1_1MHZ                   
000010fd  CALBC1_8MHZ                   
000010fa  CALDCO_12MHZ                  
000010f8  CALDCO_16MHZ                  
000010fe  CALDCO_1MHZ                   
000010fc  CALDCO_8MHZ                   
0000005b  CAPD                          
00000056  DCOCTL                        
00000128  FCTL1                         
0000012a  FCTL2                         
0000012c  FCTL3                         
00000000  IE1                           
00000001  IE2                           
00000002  IFG1                          
00000003  IFG2                          
00000022  P1DIR                         
00000025  P1IE                          
00000024  P1IES                         
00000023  P1IFG                         
00000020  P1IN                          
00000021  P1OUT                         
00000027  P1REN                         
00000026  P1SEL                         
00000041  P1SEL2                        
0000002a  P2DIR                         
0000002d  P2IE                          
0000002c  P2IES                         
0000002b  P2IFG                         
00000028  P2IN                          
00000029  P2OUT                         
0000002f  P2REN                         
0000002e  P2SEL                         
00000042  P2SEL2                        
0000001a  P3DIR                         
00000018  P3IN                          
00000019  P3OUT                         
00000010  P3REN                         
0000001b  P3SEL                         
00000043  P3SEL2                        
00000172  TA0CCR0                       
00000174  TA0CCR1                       
00000176  TA0CCR2                       
00000162  TA0CCTL0                      
00000164  TA0CCTL1                      
00000166  TA0CCTL2                      
00000160  TA0CTL                        
0000012e  TA0IV                         
00000170  TA0R                          
00000192  TA1CCR0                       
00000194  TA1CCR1                       
00000196  TA1CCR2                       
00000182  TA1CCTL0                      
00000184  TA1CCTL1                      
00000186  TA1CCTL2                      
00000180  TA1CTL                        
0000011e  TA1IV                         
00000190  TA1R                          
000010db  TLV_ADC10_1_LEN               
000010da  TLV_ADC10_1_TAG               
000010c0  TLV_CHECKSUM                  
000010f7  TLV_DCO_30_LEN                
000010f6  TLV_DCO_30_TAG                
0000005d  UCA0ABCTL                     
00000062  UCA0BR0                       
00000063  UCA0BR1                       
00000060  UCA0CTL0                      
00000061  UCA0CTL1                      
0000005f  UCA0IRRCTL                    
0000005e  UCA0IRTCTL                    
00000064  UCA0MCTL                      
00000066  UCA0RXBUF                     
00000065  UCA0STAT                      
00000067  UCA0TXBUF                     
0000006a  UCB0BR0                       
0000006b  UCB0BR1                       
00000068  UCB0CTL0                      
00000069  UCB0CTL1                      
0000006c  UCB0I2CIE                     
00000118  UCB0I2COA                     
0000011a  UCB0I2CSA                     
0000006e  UCB0RXBUF                     
0000006d  UCB0STAT                      
0000006f  UCB0TXBUF                     
0000c5fe  USCI0RX_ISR                   
00000120  WDTCTL                        
00000224  _LCDContr                     
00000225  _LCDFunc                      
00000400  __STACK_END                   
00000050  __STACK_SIZE                  
0000ca88  __TI_CINIT_Base               
0000ca90  __TI_CINIT_Limit              
0000ca7e  __TI_Handler_Table_Base       
0000ca84  __TI_Handler_Table_Limit      
0000c9f2  __TI_ISR_TRAP                 
0000c640  __TI_auto_init_nobinit_nopinit
0000c492  __TI_decompress_lzss          
0000c974  __TI_decompress_none          
0000ffe0  __TI_int00                    
0000ffe4  __TI_int02                    
0000ffe6  __TI_int03                    
0000ffea  __TI_int05                    
0000ffec  __TI_int06                    
0000ffee  __TI_int07                    
0000fff0  __TI_int08                    
0000fff2  __TI_int09                    
0000fff4  __TI_int10                    
0000fff6  __TI_int11                    
0000fff8  __TI_int12                    
0000fffa  __TI_int13                    
0000fffc  __TI_int14                    
ffffffff  __TI_pprof_out_hndl           
0000c240  __TI_printfi_minimal          
ffffffff  __TI_prof_data_size           
ffffffff  __TI_prof_data_start          
0000c912  __TI_zero_init_nomemset       
ffffffff  __c_args__                    
0000c8e6  __mspabi_divu                 
0000c9c8  __mspabi_func_epilog_1        
0000c9c6  __mspabi_func_epilog_2        
0000c9c4  __mspabi_func_epilog_3        
0000c9c2  __mspabi_func_epilog_4        
0000c9c0  __mspabi_func_epilog_5        
0000c9be  __mspabi_func_epilog_6        
0000c9bc  __mspabi_func_epilog_7        
0000c94e  __mspabi_mpyi                 
0000c94e  __mspabi_mpyi_sw              
0000c8e6  __mspabi_remu                 
0000c720  __mspabi_slli                 
0000c748  __mspabi_slli_1               
0000c736  __mspabi_slli_10              
0000c734  __mspabi_slli_11              
0000c732  __mspabi_slli_12              
0000c730  __mspabi_slli_13              
0000c72e  __mspabi_slli_14              
0000c72c  __mspabi_slli_15              
0000c746  __mspabi_slli_2               
0000c744  __mspabi_slli_3               
0000c742  __mspabi_slli_4               
0000c740  __mspabi_slli_5               
0000c73e  __mspabi_slli_6               
0000c73c  __mspabi_slli_7               
0000c73a  __mspabi_slli_8               
0000c738  __mspabi_slli_9               
0000c6f4  __mspabi_srai                 
0000c71c  __mspabi_srai_1               
0000c70a  __mspabi_srai_10              
0000c708  __mspabi_srai_11              
0000c706  __mspabi_srai_12              
0000c704  __mspabi_srai_13              
0000c702  __mspabi_srai_14              
0000c700  __mspabi_srai_15              
0000c71a  __mspabi_srai_2               
0000c718  __mspabi_srai_3               
0000c716  __mspabi_srai_4               
0000c714  __mspabi_srai_5               
0000c712  __mspabi_srai_6               
0000c710  __mspabi_srai_7               
0000c70e  __mspabi_srai_8               
0000c70c  __mspabi_srai_9               
0000c56c  __mspabi_srli                 
0000c5b2  __mspabi_srli_1               
0000c58e  __mspabi_srli_10              
0000c58a  __mspabi_srli_11              
0000c586  __mspabi_srli_12              
0000c582  __mspabi_srli_13              
0000c57e  __mspabi_srli_14              
0000c57a  __mspabi_srli_15              
0000c5ae  __mspabi_srli_2               
0000c5aa  __mspabi_srli_3               
0000c5a6  __mspabi_srli_4               
0000c5a2  __mspabi_srli_5               
0000c59e  __mspabi_srli_6               
0000c59a  __mspabi_srli_7               
0000c596  __mspabi_srli_8               
0000c592  __mspabi_srli_9               
0000c7c8  _c_int00_noargs               
0000fffe  _reset_vector                 
000003b0  _stack                        
0000ca04  _system_post_cinit            
0000ca00  _system_pre_init              
0000c9fa  abort                         
00000223  echoBack                      
0000c50e  initMSP                       
0000c836  lcd_clear                     
0000c89e  lcd_cursorBlink               
0000c850  lcd_cursorSet                 
0000c8b6  lcd_cursorShow                
0000c8ce  lcd_enable                    
0000c3f6  lcd_init                      
0000c9e8  lcd_putChar                   
0000c5b8  lcd_putNumber                 
0000c682  lcd_putText                   
0000c926  length                        
0000c000  main                          
0000c86a  memccpy                       
0000c986  memcpy                        
0000c93a  memset                        
00000200  ringBuffer                    
0000c998  send_Enable                   
0000c74c  serialPrint                   
0000c8fc  serialPrintln                 
0000c9aa  serialWrite                   
0000c776  set_custom_pattern            
0000c9cc  set_display                   
0000c7e4  set_entry_mode                
0000c800  set_function                  
0000c6bc  sprintf                       
0000c9da  strlen                        
0000c7a0  strncat                       
0000c884  write_data                    


GLOBAL SYMBOLS: SORTED BY Symbol Address 

address   name                          
-------   ----                          
00000000  IE1                           
00000001  IE2                           
00000002  IFG1                          
00000003  IFG2                          
00000010  P3REN                         
00000018  P3IN                          
00000019  P3OUT                         
0000001a  P3DIR                         
0000001b  P3SEL                         
00000020  P1IN                          
00000021  P1OUT                         
00000022  P1DIR                         
00000023  P1IFG                         
00000024  P1IES                         
00000025  P1IE                          
00000026  P1SEL                         
00000027  P1REN                         
00000028  P2IN                          
00000029  P2OUT                         
0000002a  P2DIR                         
0000002b  P2IFG                         
0000002c  P2IES                         
0000002d  P2IE                          
0000002e  P2SEL                         
0000002f  P2REN                         
00000041  P1SEL2                        
00000042  P2SEL2                        
00000043  P3SEL2                        
00000048  ADC10DTC0                     
00000049  ADC10DTC1                     
0000004a  ADC10AE0                      
00000050  __STACK_SIZE                  
00000053  BCSCTL3                       
00000056  DCOCTL                        
00000057  BCSCTL1                       
00000058  BCSCTL2                       
00000059  CACTL1                        
0000005a  CACTL2                        
0000005b  CAPD                          
0000005d  UCA0ABCTL                     
0000005e  UCA0IRTCTL                    
0000005f  UCA0IRRCTL                    
00000060  UCA0CTL0                      
00000061  UCA0CTL1                      
00000062  UCA0BR0                       
00000063  UCA0BR1                       
00000064  UCA0MCTL                      
00000065  UCA0STAT                      
00000066  UCA0RXBUF                     
00000067  UCA0TXBUF                     
00000068  UCB0CTL0                      
00000069  UCB0CTL1                      
0000006a  UCB0BR0                       
0000006b  UCB0BR1                       
0000006c  UCB0I2CIE                     
0000006d  UCB0STAT                      
0000006e  UCB0RXBUF                     
0000006f  UCB0TXBUF                     
00000118  UCB0I2COA                     
0000011a  UCB0I2CSA                     
0000011e  TA1IV                         
00000120  WDTCTL                        
00000128  FCTL1                         
0000012a  FCTL2                         
0000012c  FCTL3                         
0000012e  TA0IV                         
00000160  TA0CTL                        
00000162  TA0CCTL0                      
00000164  TA0CCTL1                      
00000166  TA0CCTL2                      
00000170  TA0R                          
00000172  TA0CCR0                       
00000174  TA0CCR1                       
00000176  TA0CCR2                       
00000180  TA1CTL                        
00000182  TA1CCTL0                      
00000184  TA1CCTL1                      
00000186  TA1CCTL2                      
00000190  TA1R                          
00000192  TA1CCR0                       
00000194  TA1CCR1                       
00000196  TA1CCR2                       
000001b0  ADC10CTL0                     
000001b2  ADC10CTL1                     
000001b4  ADC10MEM                      
000001bc  ADC10SA                       
00000200  ringBuffer                    
00000223  echoBack                      
00000224  _LCDContr                     
00000225  _LCDFunc                      
000003b0  _stack                        
00000400  __STACK_END                   
000010c0  TLV_CHECKSUM                  
000010da  TLV_ADC10_1_TAG               
000010db  TLV_ADC10_1_LEN               
000010f6  TLV_DCO_30_TAG                
000010f7  TLV_DCO_30_LEN                
000010f8  CALDCO_16MHZ                  
000010f9  CALBC1_16MHZ                  
000010fa  CALDCO_12MHZ                  
000010fb  CALBC1_12MHZ                  
000010fc  CALDCO_8MHZ                   
000010fd  CALBC1_8MHZ                   
000010fe  CALDCO_1MHZ                   
000010ff  CALBC1_1MHZ                   
0000c000  main                          
0000c240  __TI_printfi_minimal          
0000c3f6  lcd_init                      
0000c492  __TI_decompress_lzss          
0000c50e  initMSP                       
0000c56c  __mspabi_srli                 
0000c57a  __mspabi_srli_15              
0000c57e  __mspabi_srli_14              
0000c582  __mspabi_srli_13              
0000c586  __mspabi_srli_12              
0000c58a  __mspabi_srli_11              
0000c58e  __mspabi_srli_10              
0000c592  __mspabi_srli_9               
0000c596  __mspabi_srli_8               
0000c59a  __mspabi_srli_7               
0000c59e  __mspabi_srli_6               
0000c5a2  __mspabi_srli_5               
0000c5a6  __mspabi_srli_4               
0000c5aa  __mspabi_srli_3               
0000c5ae  __mspabi_srli_2               
0000c5b2  __mspabi_srli_1               
0000c5b8  lcd_putNumber                 
0000c5fe  USCI0RX_ISR                   
0000c640  __TI_auto_init_nobinit_nopinit
0000c682  lcd_putText                   
0000c6bc  sprintf                       
0000c6f4  __mspabi_srai                 
0000c700  __mspabi_srai_15              
0000c702  __mspabi_srai_14              
0000c704  __mspabi_srai_13              
0000c706  __mspabi_srai_12              
0000c708  __mspabi_srai_11              
0000c70a  __mspabi_srai_10              
0000c70c  __mspabi_srai_9               
0000c70e  __mspabi_srai_8               
0000c710  __mspabi_srai_7               
0000c712  __mspabi_srai_6               
0000c714  __mspabi_srai_5               
0000c716  __mspabi_srai_4               
0000c718  __mspabi_srai_3               
0000c71a  __mspabi_srai_2               
0000c71c  __mspabi_srai_1               
0000c720  __mspabi_slli                 
0000c72c  __mspabi_slli_15              
0000c72e  __mspabi_slli_14              
0000c730  __mspabi_slli_13              
0000c732  __mspabi_slli_12              
0000c734  __mspabi_slli_11              
0000c736  __mspabi_slli_10              
0000c738  __mspabi_slli_9               
0000c73a  __mspabi_slli_8               
0000c73c  __mspabi_slli_7               
0000c73e  __mspabi_slli_6               
0000c740  __mspabi_slli_5               
0000c742  __mspabi_slli_4               
0000c744  __mspabi_slli_3               
0000c746  __mspabi_slli_2               
0000c748  __mspabi_slli_1               
0000c74c  serialPrint                   
0000c776  set_custom_pattern            
0000c7a0  strncat                       
0000c7c8  _c_int00_noargs               
0000c7e4  set_entry_mode                
0000c800  set_function                  
0000c836  lcd_clear                     
0000c850  lcd_cursorSet                 
0000c86a  memccpy                       
0000c884  write_data                    
0000c89e  lcd_cursorBlink               
0000c8b6  lcd_cursorShow                
0000c8ce  lcd_enable                    
0000c8e6  __mspabi_divu                 
0000c8e6  __mspabi_remu                 
0000c8fc  serialPrintln                 
0000c912  __TI_zero_init_nomemset       
0000c926  length                        
0000c93a  memset                        
0000c94e  __mspabi_mpyi                 
0000c94e  __mspabi_mpyi_sw              
0000c974  __TI_decompress_none          
0000c986  memcpy                        
0000c998  send_Enable                   
0000c9aa  serialWrite                   
0000c9bc  __mspabi_func_epilog_7        
0000c9be  __mspabi_func_epilog_6        
0000c9c0  __mspabi_func_epilog_5        
0000c9c2  __mspabi_func_epilog_4        
0000c9c4  __mspabi_func_epilog_3        
0000c9c6  __mspabi_func_epilog_2        
0000c9c8  __mspabi_func_epilog_1        
0000c9cc  set_display                   
0000c9da  strlen                        
0000c9e8  lcd_putChar                   
0000c9f2  __TI_ISR_TRAP                 
0000c9fa  C$$EXIT                       
0000c9fa  abort                         
0000ca00  _system_pre_init              
0000ca04  _system_post_cinit            
0000ca7e  __TI_Handler_Table_Base       
0000ca84  __TI_Handler_Table_Limit      
0000ca88  __TI_CINIT_Base               
0000ca90  __TI_CINIT_Limit              
0000ffe0  __TI_int00                    
0000ffe4  __TI_int02                    
0000ffe6  __TI_int03                    
0000ffea  __TI_int05                    
0000ffec  __TI_int06                    
0000ffee  __TI_int07                    
0000fff0  __TI_int08                    
0000fff2  __TI_int09                    
0000fff4  __TI_int10                    
0000fff6  __TI_int11                    
0000fff8  __TI_int12                    
0000fffa  __TI_int13                    
0000fffc  __TI_int14                    
0000fffe  _reset_vector                 
ffffffff  __TI_pprof_out_hndl           
ffffffff  __TI_prof_data_size           
ffffffff  __TI_prof_data_start          
ffffffff  __c_args__                    

[225 symbols]
